// Jest Snapshot v1, https://goo.gl/fbAQLP

exports[`renders loading unchanged 1`] = `
<div>
  <div
    class="css-xi606m"
    data-testid="loading-container"
  >
    <div
      class="chakra-spinner css-u4uvb9"
      data-testid="loading-spinner"
    >
      <span
        class="css-8b45rq"
      >
        Loading...
      </span>
    </div>
  </div>
</div>
`;
